// view: PlantViews::placedView
// kind: interconnection
// stated: render asInterconnectionDiagram
// canvas: unit=px w=1200 h=800
// layout: neato -n2
digraph "PlantViews::placedView" {
  graph [fontname="Helvetica", layout=neato, inputscale=72, dpi=72];
  node [shape=box, style=filled, fillcolor=white, color="#181818", fontname="Helvetica", fontsize=14, penwidth=0.5];
  edge [color="#181818", fontname="Helvetica", fontsize=13, penwidth=1];
  "canvas:0" [shape=point, style=invis, width=0, height=0, label="", pos="0,800!", pin=true];
  "canvas:1" [shape=point, style=invis, width=0, height=0, label="", pos="1200,0!", pin=true];
  subgraph "cluster_n0" {
    label=<<b>Loop</b><br/><font point-size="10"><i>«part def»</i></font>>;
    color=black;
    penwidth=0.5;
    bb="292,692,628,768";
    "n0" [shape=point, style=invis, width=0, height=0, label="", pos="460,730!", pin=true];
    "n1" [style="rounded,filled", label=<<b><b>pump : Pump</b><br/><font point-size="10"><i>«part»</i></font></b>>, fillcolor="#FFE8BD", color="#333333", fontname="Arial", fontsize=11, pos="359,741.5!", pin=true, width=1.6388888888888888, height=0.5138888888888888, comment="collapsed"];
    "n2" [style="rounded,filled", label=<<b>tank : Tank</b><br/><font point-size="10"><i>«part»</i></font>>, margin=0, pos="560,730!", pin=true, width=1.6666666666666667, height=0.8333333333333334, fixedsize=true];
  }
  "note:0" [shape=note, label="always", pos="43.5,692!", pin=true, width=0.9305555555555556, height=0.5];
  "note:1" [shape=note, margin=0, label=<anchored>, pos="700,745!", pin=true, width=1.3888888888888888, height=0.4166666666666667, fixedsize=true];
  "note:2" [shape=note, label="check pressure", pos="487,642!", pin=true, width=1.8611111111111112, height=0.5];
  "note:3" [shape=note, label="free", pos="27,82!", pin=true, width=0.75, height=0.5];
  "n1" -> "n2" [label="supply", arrowhead=none, penwidth=3, color="#0000FF", pos="400,730 400,730 450,680 450,680 450,680 500,730 500,730", lp="443.5,723.5"];
  "note:0" -> "n1" [style=dashed, arrowhead=none];
  "note:1" -> "n2" [style=dashed, arrowhead=none];
  "note:2:on" [shape=point, width=0, height=0, style=invis, pos="425,705!", pin=true];
  "note:2" -> "note:2:on" [style=dashed, arrowhead=none];
}
